[backblue.gif]
[fade.gif]
[index.html]
[abundant-ideas.com/Images/Lcorner.jpg]
[abundant-ideas.com/Images/B-logo.jpg]
[abundant-ideas.com/Images/Ty-pe.gif]
[abundant-ideas.com/index.html]
[abundant-ideas.com/Images/Rcorner.jpg]
[abundant-ideas.com/ai.css]
[abundant-ideas.com/index-2.html]
[abundant-ideas.com/mission.html]
[abundant-ideas.com/contact.html]
[abundant-ideas.com/Images/pj3 thumb.jpg]
[abundant-ideas.com/Images/coloring-book-sample thumb.jpg]
[abundant-ideas.com/Images/dpslogo thumb.jpg]
[abundant-ideas.com/Images/pj3 thumb alt.jpg]
[abundant-ideas.com/Images/coloring-book-sample thumb alt.jpg]
[abundant-ideas.com/Images/dpslogo thumb alt.jpg]
[abundant-ideas.com/portfolio.html]
[abundant-ideas.com/history.html]
[abundant-ideas.com/Images/gd-logo.jpg]
[abundant-ideas.com/Images/Project1_Layout 1.0.jpg]
[abundant-ideas.com/Images/thumbs/Project1_Layout 1.0.jpg]
[abundant-ideas.com/Images/Poster2.jpg]
[abundant-ideas.com/Images/thumbs/Poster2.jpg]
[abundant-ideas.com/Images/thumbs/studio-360-logo.jpg]
[abundant-ideas.com/Images/pj1.jpg]
[abundant-ideas.com/Images/thumbs/pj1.jpg]
[abundant-ideas.com/Images/pj2.jpg]
[abundant-ideas.com/Images/thumbs/pj2.jpg]
[abundant-ideas.com/Images/apothlogo.bmp]
[abundant-ideas.com/Images/thumbs/apothlogo.jpg]
[abundant-ideas.com/graphicdesign.html]
[abundant-ideas.com/Images/shading.jpg]
[abundant-ideas.com/Images/thumbs/shading.jpg]
[abundant-ideas.com/Images/PreternaturalCover.jpg]
[abundant-ideas.com/Images/thumbs/PreternaturalCover.jpg]
[abundant-ideas.com/Images/coloring book sample.jpg]
[abundant-ideas.com/Images/thumbs/coloring book sample.jpg]
[abundant-ideas.com/Images/img058.jpg]
[abundant-ideas.com/illustration.html]
[abundant-ideas.com/animation.html]
[abundant-ideas.com/js/lightbox.js]
[abundant-ideas.com/css/lightbox.css]
[abundant-ideas.com/Images/studio-360-logo.jpg]
[abundant-ideas.com/images/prev.html]
[abundant-ideas.com/images/next.html]
[abundant-ideas.com/Images/thumbs/img058.jpg]
